<html>
<body>
<pre>
<h1>礦ision Build Log</h1>
<h2>Project:</h2>
D:\蓝桥杯训练场\第X届 - 副本 - 副本\code\USER\code.uvproj
Project File Date:  04/17/2020

<h2>Output:</h2>
Build target 'code'
compiling main.c...
compiling led.c...
..\HARDWARE\led.h(6): warning:  #1-D: last line of file ends without a newline
..\HARDWARE\led.h:   #endif
..\HARDWARE\led.h:         ^
..\HARDWARE\led.h: ..\HARDWARE\led.c: 1 warning, 0 errors
linking...
Program Size: Code=6760 RO-data=4828 RW-data=56 ZI-data=1024  
"..\OUTPUT\code.axf" - 0 Error(s), 1 Warning(s).
Build target 'code'
compiling led.c...
..\HARDWARE\led.h(7): warning:  #1-D: last line of file ends without a newline
..\HARDWARE\led.h:   #endif
..\HARDWARE\led.h:         ^
..\HARDWARE\led.h: ..\HARDWARE\led.c: 1 warning, 0 errors
linking...
Program Size: Code=6760 RO-data=4828 RW-data=56 ZI-data=1024  
"..\OUTPUT\code.axf" - 0 Error(s), 1 Warning(s).
Build target 'code'
compiling led.c...
linking...
Program Size: Code=6760 RO-data=4828 RW-data=56 ZI-data=1024  
"..\OUTPUT\code.axf" - 0 Error(s), 0 Warning(s).
